==================================================
AI COMMAND
==================================================
Read and understand the Android build error below.
Find the actual root cause of the build failure.
Do not assume that the first error-looking line is the root cause.
Use the complete extracted context, file paths, line numbers, exceptions, and caused-by information.
Identify the exact file, class, resource, dependency, or configuration causing the failure.
If multiple errors belong to the same root cause, fix the root cause first.
If multiple independent errors exist, fix all required build errors.
Fix the project using the minimum required changes.
Do not change unrelated functionality, UI, design, or project behavior.
If the problem is caused by Java, Kotlin, Gradle, AndroidManifest, resources, dependencies, SDK configuration, or another build configuration, fix the actual cause.
After making the fix, verify that the Android project can build successfully.
If the build fails again, inspect the new error and continue fixing the actual cause.
==================================================

==================================================
ASTRETHOST BUILD ERROR LOG
==================================================
App Name: Modern Calculator
App ID: app_6a96edfec2930
Build ID: 33526758406
Time: 2026-09-01 21:07:51
==================================================

==================================================
ERROR EXTRACTION INFO
==================================================
Method: File reference + extension + error keyword + context
Context before match: 8 lines
Context after match: 12 lines
Maximum extracted characters: 30000
Original log characters: 150934
Extracted error characters: 20847
File references detected: 98
==================================================

WHAT WENT WRONG / RELEVANT BUILD ERROR
==================================================

token: ***

##[warning]setup-java v4 is deprecated and will no longer receive updates. Please migrate to actions/setup-java@v5.

Resolved Java 17.0.20+1 from tool-cache
Setting Java 17.0.20+1 as the default
(node:2243) [DEP0040] DeprecationWarning: The `punycode` module is deprecated. Please use a userland alternative instead.
(Use `node --trace-deprecation ...` to show where the warning was created)
Creating toolchains.xml for JDK version 17 from temurin
Writing to /home/runner/.m2/toolchains.xml

Java configuration:
Distribution: temurin
Version: 17.0.20+1
Path: /opt/hostedtoolcache/Java_Temurin-Hotspot_jdk/17.0.20-1/x64

Creating settings.xml with server-id: github
Writing to /home/runner/.m2/settings.xml

with:
packages: platforms;android-34 build-tools;34.0.0 platform-tools
cmdline-tools-version: 14742923
accept-android-sdk-licenses: true
log-accepted-android-sdk-licenses: true
env:
JAVA_HOME: /opt/hostedtoolcache/Java_Temurin-Hotspot_jdk/17.0.20-1/x64
JAVA_HOME_17_X64: /opt/hostedtoolcache/Java_Temurin-Hotspot_jdk/17.0.20-1/x64

Found preinstalled sdkmanager in /usr/local/lib/android/sdk/cmdline-tools/latest with following source.properties:
Pkg.Revision=12.0
Pkg.Path=cmdline-tools;12.0
Pkg.Desc=Android SDK Command-line Tools

Wrong version in preinstalled sdkmanager
Downloading commandline tools from https://dl.google.com/android/repository/commandlinetools-linux-14742923_latest.zip
[command]/usr/bin/unzip -o -q /home/runner/work/_temp/4b6fe3b6-bf5f-40b5-bd16-02770f7eb70c
Accepting Android SDK licenses
[command]/usr/local/lib/android/sdk/cmdline-tools/20.0/bin/sdkmanager --licenses
Loading local repository...
[=========                              ] 25% Loading local repository...
[=========                              ] 25% Fetch remote repository...
7. WARRANTY DISCLAIMER. MIPS AND ITS SUPPLIERS MAKE NO WARRANTIES WITH RESPECT TO EVALUATION MATERIALS, EITHER EXPRESS OR IMPLIED, INCLUDING ANY IMPLIED WARRANTIES OF MERCHANTABILITY OR FITNESS FOR A PARTICULAR PURPOSE, OR ANY IMPLIED WARRANTY OF NONINFRINGEMENT WITH RESPECT TO THIRD PARTY INTELLECTUAL PROPERTY. RECIPIENT ACKNOWLEDGES AND AGREES THAT THE EVALUATION MATERIALS ARE PROVIDED “AS IS,” WITHOUT WARRANTY OF ANY KIND.

8. LIMITATION OF LIABILITY. MIPS AND ITS SUPPLIERS SHALL NOT BE LIABLE FOR ANY PROPERTY DAMAGE, PERSONAL INJURY, LOSS OF PROFITS, INTERRUPTION OF BUSINESS OR FOR ANY DIRECT, INDIRECT, SPECIAL, CONSEQUENTIAL OR INCIDENTAL DAMAGES, HOWEVER CAUSED OR ALLEGED, WHETHER FOR BREACH OF WARRANTY, CONTRACT, STRICT LIABILITY OR OTHERWISE, INCLUDING WITHOUT LIMITATION, UNDER TORT OR OTHER LEGAL THEORY. MIPS AND ITS SUPPLIERS DISCLAIM ANY AND ALL LIABILITY, INCLUDING LIABILITY FOR INFRINGEMENT OF ANY INTELLECTUAL PROPERTY RIGHTS OF ANY KIND RELATING TO THE EVALUATION MATERIALS.

9. EXPIRATION. MIPS may terminate this Agreement immediately after a breach by Recipient or otherwise at MIPS’ reasonable discretion and upon five (5) business days’ notice to Recipient.

10. GENERAL.

10.1 Controlling Law. This Agreement shall be governed by California law excluding its choice of law rules. With the exception of MIPS’ rights to enforce its intellectual property rights and any confidentiality obligations under this Agreement or any licenses distributed with the Evaluation Materials, all disputes and any claims arising under or relating to this Agreement shall be subject to the exclusive jurisdiction and venue of the state and federal courts located in Santa Clara County, California. Each party hereby agrees to jurisdiction and venue in the courts set forth in the preceding sentence. The parties agree that the United Nations Convention on Contracts for the International Sale of Goods is specifically excluded from application to this Agreement. The parties consent to the personal jurisdiction of the above courts.

10.2 Remedies. Recipient acknowledges and agrees that any breach of confidentiality obligations under this Agreement or any licenses distributed with the Evaluation Materials, as well as any disclosure, commercialization, or public use of the Evaluation Materials, would cause irreparable injury to MIPS, and therefore Recipient agrees to consent to, and hereby consents to, the grant of an injunction by any court of competent jurisdiction in the event of an actual or threatened breach.

10.3 Assignment. Recipient may not delegate, assign or transfer this Agreement, the license granted or any of Recipient’s rights, obligations, or duties hereunder, expressly, by implication, by operation of law, by way of merger (regardless of whether Recipient is the surviving entity) or acquisition, or otherwise and any attempt to do so, without MIPS’ express prior written consent, shall be ineffective, null and void. MIPS may freely assign this Agreement, and its rights and obligations hereunder, in its sole discretion.

10.4 Entire Agreement. This Agreement constitutes the entire agreement between Recipient and MIPS and supersedes in their entirety any and all oral or written agreements previously existing between Recipient and MIPS with respect to the subject matter hereof. This Agreement may only be amended or supplemented by a writing that refers explicitly to this Agreement and that is signed or otherwise accepted by duly authorized representatives of Recipient and MIPS.

10.5 Severability. In the event that any provision of this Agreement is finally adjudicated to be unenforceable or invalid under any applicable law, such unenforceability or invalidity shall not render this Agreement unenforceable or invalid as a whole, and, in such event, such unenforceable or invalid provision shall be interpreted so as to best accomplish the objectives of such provision within the limits of applicable law or applicable court decisions.

10.6 Export Regulations / Export Control. Recipient shall not export, either directly or indirectly, any product, service or technical data or system incorporating the Evaluation Materials without first obtaining any required license or other necessary approval from the U.S. Department of Commerce or any other governing agency or department of the United States Government. In the event any product is exported from the United States or re-exported from a foreign destination by Recipient, Recipient shall ensure that the distribution and export/re-export or import of the product is in compliance with all applicable laws, regulations, orders, or other restrictions of the U.S. Export Administration Regulations and the appropriate foreign government. Recipient agrees that neither it nor any of its subsidiaries will export/re-export any technical data, process, product, or service, directly or indirectly, to any country for which the United States government or any agency thereof or the foreign government from where it is shipping requires an export license, or other governmental approval, without first obtaining such license or approval. Recipient also agrees to implement measures to ensure that foreign national employees are authorized to receive any information controlled by U.S. export control laws. An export is "deemed" to take place when information is released to a foreign national wherever located.

10.7 Special Terms for Pre-Release Materials. If so indicated in the description of the Evaluation Software, the Evaluation Software may contain Pre-Release Materials. Recipient hereby understands, acknowledges and agrees that: (i) Pre-Release Materials may not be fully tested and may contain bugs or errors; (ii) Pre-Release materials are not suitable for commercial release in their current state; (iii) regulatory approvals for Pre-Release Materials (such as UL or FCC) have not been obtained, and Pre-Release Materials may therefore not be certified for use in certain countries or environments or may not be suitable for certain applications and (iv) MIPS can provide no assurance that it will ever produce or make generally available a production version of the Pre-Release Materials . MIPS is not under any obligation to develop and/or release or offer for sale or license a final product based upon the Pre-Release Materials and may unilaterally elect to abandon the Pre-Release Materials or any such development platform at any time and without any obligation or liability whatsoever to Recipient or any other person.

ANY PRE-RELEASE MATERIALS ARE NON-QUALIFIED AND, AS SUCH, ARE PROVIDED “AS IS” AND “AS AVAILABLE”, POSSIBLY WITH FAULTS, AND WITHOUT REPRESENTATION OR WARRANTY OF ANY KIND.

10.8 Open Source Software. In the event Open Source software is included with Evaluation Software, such Open Source software is licensed pursuant to the applicable Open Source software license agreement identified in the Open Source software comments in the applicable source code file(s) and/or file header as indicated in the Evaluation Software. Additional detail may be available (where applicable) in the accompanying on-line documentation. With respect to the Open Source software, nothing in this Agreement limits any rights under, or grants rights that supersede, the terms of any applicable Open Source software license agreement.

Checking required packages...

Android SDK verification successful.

[36;1mset -e[0m
[36;1m[0m
[36;1mwget -q \[0m
[36;1m  https://services.gradle.org/distributions/gradle-8.5-bin.zip[0m
[36;1munzip -q \[0m
[36;1m  gradle-8.5-bin.zip[0m
[36;1mecho "$PWD/gradle-8.5/bin" >> "$GITHUB_PATH"[0m
[36;1mexport PATH="$PWD/gradle-8.5/bin:$PATH"[0m
[36;1mecho "=========================================="[0m
[36;1mecho "GRADLE VERSION"[0m
GRADLE VERSION
==========================================

Welcome to Gradle 8.5!

Here are the highlights of this release:
- Support for running on Java 21
- Faster first use with Kotlin DSL
- Improved error and warning messages

For more details see https://docs.gradle.org/8.5/release-notes.html

------------------------------------------------------------
Gradle 8.5

Build time:   2023-11-29 14:08:57 UTC
Revision:     28aca86a7180baa17117e0e5ba01d8ea9feca598

Kotlin:       1.9.20
Groovy:       3.0.17
Ant:          Apache Ant(TM) version 1.10.13 compiled on January 4 2023
[36;1mecho "CHECKING USER PROJECT"[0m
[36;1mecho "User ID: $USER_ID"[0m
[36;1mecho "Project directory: $PROJECT_DIR"[0m
[36;1mecho "Project name: modern-calculator"[0m
[36;1mif [ ! -d "$PROJECT_DIR" ]; then[0m
[36;1m  echo "::error::User project folder not found"[0m
[36;1m  exit 1[0m
[36;1mfi[0m
[36;1mif [ ! -d "$PROJECT_DIR/app" ]; then[0m
[36;1m  echo "::error::Android app module not found"[0m
[36;1mecho "sdk.dir=$ANDROID_HOME" \[0m
[36;1m  > "$PROJECT_DIR/local.properties"[0m
[36;1mecho ""[0m
[36;1mecho "local.properties created."[0m
[36;1mcat "$PROJECT_DIR/local.properties"[0m
shell: /usr/bin/bash --noprofile --norc -e -o pipefail {0}
ANDROID_HOME: /usr/local/lib/android/sdk
ANDROID_SDK_ROOT: /usr/local/lib/android/sdk

CHECKING USER PROJECT
User ID: ee9febb667bba124!ksCp5esv2vQvP9fP
Project directory: native-apps/users/ee9febb667bba124!ksCp5esv2vQvP9fP
Project name: modern-calculator

local.properties created.
sdk.dir=/usr/local/lib/android/sdk

[36;1mecho "BUILD ENVIRONMENT"[0m
[36;1mecho "Java:"[0m
[36;1mjava -version[0m
[36;1mecho "PROJECT FILES"[0m
[36;1mfind . \[0m
[36;1m  -maxdepth 3 \[0m
[36;1m  -type f \[0m
[36;1m  ! -path "./.gradle/*" \[0m
[36;1m  | sort[0m

BUILD ENVIRONMENT

Min SDK: 21

Project Name:
modern-calculator

PROJECT FILES
./app-meta.json
./app/build.gradle
./app/proguard-rules.pro
./build-steps.json
./build.gradle
./local.properties
./settings.gradle

[36;1mecho "BUILDING APK"[0m
[36;1mecho "Starting Gradle build..."[0m
[36;1mgradle assembleDebug \[0m
[36;1m  --no-daemon \[0m

BUILDING APK

Starting Gradle build...
To honour the JVM settings for this build a single-use Daemon process will be forked. For more on this, please refer to https://docs.gradle.org/8.5/userguide/gradle_daemon.html#sec:disabling_the_daemon in the Gradle documentation.
Daemon will be stopped at the end of the build
> Task :app:preBuild UP-TO-DATE
> Task :app:preDebugBuild UP-TO-DATE
> Task :app:mergeDebugNativeDebugMetadata NO-SOURCE
> Task :app:javaPreCompileDebug
> Task :app:checkDebugAarMetadata
> Task :app:generateDebugResValues
> Task :app:mapDebugSourceSetPaths
> Task :app:generateDebugResources
> Task :app:packageDebugResources
> Task :app:mergeDebugResources
> Task :app:createDebugCompatibleScreenManifests
> Task :app:extractDeepLinksDebug
> Task :app:processDebugMainManifest FAILED
> Task :app:parseDebugLocalResources

FAILURE: Build failed with an exception.

A problem was found with the configuration of task ':app:processDebugMainManifest' (type 'ProcessApplicationManifest').
- In plugin 'com.android.internal.version-check' type 'com.android.build.gradle.tasks.ProcessApplicationManifest' property 'mainManifest' specifies file '/home/runner/work/astrethost/astrethost/native-apps/users/ee9febb667bba124!ksCp5esv2vQvP9fP/app/src/main/AndroidManifest.xml' which doesn't exist.

Reason: An input file was expected to be present but it doesn't exist.

Possible solutions:
1. Make sure the file exists before the task is called.
2. Make sure that the task which produces the file is declared as an input.

For more information, please refer to https://docs.gradle.org/8.5/userguide/validation_problems.html#input_file_does_not_exist in the Gradle documentation.

* Try:
> Run with --info or --debug option to get more log output.
> Run with --scan to get full insights.
> Get more help at https://help.gradle.org.

* Exception is:
org.gradle.internal.execution.WorkValidationException: A problem was found with the configuration of task ':app:processDebugMainManifest' (type 'ProcessApplicationManifest').

at org.gradle.internal.execution.WorkValidationException$BuilderWithSummary.build(WorkValidationException.java:137)
at org.gradle.internal.execution.WorkValidationException$BuilderWithSummary.get(WorkValidationException.java:119)
at org.gradle.internal.execution.steps.ValidateStep.throwValidationException(ValidateStep.java:178)
at org.gradle.internal.execution.steps.ValidateStep.execute(ValidateStep.java:100)
at org.gradle.internal.execution.steps.ValidateStep.execute(ValidateStep.java:55)
at org.gradle.internal.execution.steps.CaptureStateBeforeExecutionStep.execute(CaptureStateBeforeExecutionStep.java:71)
at org.gradle.internal.execution.steps.CaptureStateBeforeExecutionStep.execute(CaptureStateBeforeExecutionStep.java:45)
at org.gradle.internal.execution.steps.SkipEmptyWorkStep.executeWithNonEmptySources(SkipEmptyWorkStep.java:177)
at org.gradle.internal.execution.steps.SkipEmptyWorkStep.execute(SkipEmptyWorkStep.java:81)
at org.gradle.internal.execution.steps.SkipEmptyWorkStep.execute(SkipEmptyWorkStep.java:53)
at org.gradle.internal.execution.steps.RemoveUntrackedExecutionStateStep.execute(RemoveUntrackedExecutionStateStep.java:32)
at org.gradle.internal.execution.steps.RemoveUntrackedExecutionStateStep.execute(RemoveUntrackedExecutionStateStep.java:21)
at org.gradle.internal.execution.steps.legacy.MarkSnapshottingInputsStartedStep.execute(MarkSnapshottingInputsStartedStep.java:38)
at org.gradle.internal.execution.steps.LoadPreviousExecutionStateStep.execute(LoadPreviousExecutionStateStep.java:36)
at org.gradle.internal.execution.steps.LoadPreviousExecutionStateStep.execute(LoadPreviousExecutionStateStep.java:23)
at org.gradle.internal.execution.steps.CleanupStaleOutputsStep.execute(CleanupStaleOutputsStep.java:75)
at org.gradle.internal.execution.steps.CleanupStaleOutputsStep.execute(CleanupStaleOutputsStep.java:41)
at org.gradle.internal.execution.steps.ExecuteWorkBuildOperationFiringStep.lambda$execute$2(ExecuteWorkBuildOperationFiringStep.java:66)
at org.gradle.internal.execution.steps.ExecuteWorkBuildOperationFiringStep.execute(ExecuteWorkBuildOperationFiringStep.java:66)
at org.gradle.internal.execution.steps.ExecuteWorkBuildOperationFiringStep.execute(ExecuteWorkBuildOperationFiringStep.java:38)
at org.gradle.internal.execution.steps.AssignWorkspaceStep.lambda$execute$0(AssignWorkspaceStep.java:32)
at org.gradle.api.internal.tasks.execution.TaskExecution$4.withWorkspace(TaskExecution.java:293)
at org.gradle.internal.execution.steps.AssignWorkspaceStep.execute(AssignWorkspaceStep.java:30)
at org.gradle.internal.execution.steps.AssignWorkspaceStep.execute(AssignWorkspaceStep.java:21)
at org.gradle.internal.execution.steps.IdentityCacheStep.execute(IdentityCacheStep.java:37)
at org.gradle.internal.execution.steps.IdentityCacheStep.execute(IdentityCacheStep.java:27)
at org.gradle.internal.execution.steps.IdentifyStep.execute(IdentifyStep.java:47)
at org.gradle.internal.execution.steps.IdentifyStep.execute(IdentifyStep.java:34)
at org.gradle.internal.execution.impl.DefaultExecutionEngine$1.execute(DefaultExecutionEngine.java:64)
at org.gradle.api.internal.tasks.execution.ExecuteActionsTaskExecuter.executeIfValid(ExecuteActionsTaskExecuter.java:145)
at org.gradle.api.internal.tasks.execution.ExecuteActionsTaskExecuter.execute(ExecuteActionsTaskExecuter.java:134)
at org.gradle.api.internal.tasks.execution.FinalizePropertiesTaskExecuter.execute(FinalizePropertiesTaskExecuter.java:46)
at org.gradle.api.internal.tasks.execution.ResolveTaskExecutionModeExecuter.execute(ResolveTaskExecutionModeExecuter.java:51)
at org.gradle.api.internal.tasks.execution.SkipTaskWithNoActionsExecuter.execute(SkipTaskWithNoActionsExecuter.java:57)
at org.gradle.api.internal.tasks.execution.SkipOnlyIfTaskExecuter.execute(SkipOnlyIfTaskExecuter.java:74)
at org.gradle.api.internal.tasks.execution.CatchExceptionTaskExecuter.execute(CatchExceptionTaskExecuter.java:36)
at org.gradle.api.internal.tasks.execution.EventFiringTaskExecuter$1.executeTask(EventFiringTaskExecuter.java:77)
at org.gradle.api.internal.tasks.execution.EventFiringTaskExecuter$1.call(EventFiringTaskExecuter.java:55)
at org.gradle.api.internal.tasks.execution.EventFiringTaskExecuter$1.call(EventFiringTaskExecuter.java:52)
at org.gradle.internal.operations.DefaultBuildOperationRunner$CallableBuildOperationWorker.execute(DefaultBuildOperationRunner.java:204)
at org.gradle.internal.operations.DefaultBuildOperationRunner$CallableBuildOperationWorker.execute(DefaultBuildOperationRunner.java:199)
11 actionable tasks: 11 executed
at org.gradle.internal.operations.DefaultBuildOperationRunner$2.execute(DefaultBuildOperationRunner.java:66)
at org.gradle.internal.operations.DefaultBuildOperationRunner$2.execute(DefaultBuildOperationRunner.java:59)
at org.gradle.internal.operations.DefaultBuildOperationRunner.execute(DefaultBuildOperationRunner.java:157)
at org.gradle.internal.operations.DefaultBuildOperationRunner.execute(DefaultBuildOperationRunner.java:59)
at org.gradle.internal.operations.DefaultBuildOperationRunner.call(DefaultBuildOperationRunner.java:53)
at org.gradle.internal.operations.DefaultBuildOperationExecutor.call(DefaultBuildOperationExecutor.java:73)
at org.gradle.api.internal.tasks.execution.EventFiringTaskExecuter.execute(EventFiringTaskExecuter.java:52)
at org.gradle.execution.plan.LocalTaskNodeExecutor.execute(LocalTaskNodeExecutor.java:42)
at org.gradle.execution.taskgraph.DefaultTaskExecutionGraph$InvokeNodeExecutorsAction.execute(DefaultTaskExecutionGraph.java:331)
at org.gradle.execution.taskgraph.DefaultTaskExecutionGraph$InvokeNodeExecutorsAction.execute(DefaultTaskExecutionGraph.java:318)
at org.gradle.execution.taskgraph.DefaultTaskExecutionGraph$BuildOperationAwareExecutionAction.lambda$execute$0(DefaultTaskExecutionGraph.java:314)
at org.gradle.internal.operations.CurrentBuildOperationRef.with(CurrentBuildOperationRef.java:80)
at org.gradle.execution.taskgraph.DefaultTaskExecutionGraph$BuildOperationAwareExecutionAction.execute(DefaultTaskExecutionGraph.java:314)
at org.gradle.execution.taskgraph.DefaultTaskExecutionGraph$BuildOperationAwareExecutionAction.execute(DefaultTaskExecutionGraph.java:303)
at org.gradle.execution.plan.DefaultPlanExecutor$ExecutorWorker.execute(DefaultPlanExecutor.java:463)
at org.gradle.execution.plan.DefaultPlanExecutor$ExecutorWorker.run(DefaultPlanExecutor.java:380)
at org.gradle.internal.concurrent.ExecutorPolicy$CatchAndRecordFailures.onExecute(ExecutorPolicy.java:64)
at org.gradle.internal.concurrent.AbstractManagedExecutor$1.run(AbstractManagedExecutor.java:47)

BUILD FAILED in 29s
Process completed with exit code 1.

[36;1mrm -f gradle-8.5-bin.zip[0m
[36;1mrm -rf gradle-8.5[0m

Node 20 is being deprecated. This workflow is running with Node 24 by default. If you need to temporarily use Node 20, you can set the ACTIONS_ALLOW_USE_UNSECURE_NODE_VERSION=true environment variable. For more information see: https://github.blog/changelog/2025-09-19-deprecation-of-node-20-on-github-actions-runners/
